---
source: src/tests/corpus/mod.rs
expression: document
---
Document {
    children: [
        Doctype(
            Doctype {
                [RANGE]
                _id: 1,
                _parent: Some(
                    0,
                ),
            },
        ),
        Element(
            Element {
                children: [
                    StartTag(
                        StartTag {
                            children: [
                                TagName(
                                    TagName {
                                        [RANGE]
                                        _id: 4,
                                        _parent: Some(
                                            3,
                                        ),
                                    },
                                ),
                            ],
                            [RANGE]
                            _id: 3,
                            _parent: Some(
                                2,
                            ),
                        },
                    ),
                    Element(
                        Element {
                            children: [
                                StartTag(
                                    StartTag {
                                        children: [
                                            TagName(
                                                TagName {
                                                    [RANGE]
                                                    _id: 7,
                                                    _parent: Some(
                                                        6,
                                                    ),
                                                },
                                            ),
                                        ],
                                        [RANGE]
                                        _id: 6,
                                        _parent: Some(
                                            5,
                                        ),
                                    },
                                ),
                            ],
                            [RANGE]
                            _id: 5,
                            _parent: Some(
                                2,
                            ),
                        },
                    ),
                ],
                [RANGE]
                _id: 2,
                _parent: Some(
                    0,
                ),
            },
        ),
    ],
    [RANGE]
    _id: 0,
    _parent: None,
}
