---
source: src/tests/corpus/literals.rs
expression: module
---
Module {
    children: [
        SimpleStatement(
            ExpressionStatement(
                ExpressionStatement {
                    children: [
                        Expression(
                            PrimaryExpression(
                                DictionaryComprehension(
                                    DictionaryComprehension {
                                        body: Pair {
                                            key: PrimaryExpression(
                                                Identifier(
                                                    Identifier {
                                                        [RANGE]
                                                    },
                                                ),
                                            ),
                                            value: PrimaryExpression(
                                                Identifier(
                                                    Identifier {
                                                        [RANGE]
                                                    },
                                                ),
                                            ),
                                            [RANGE]
                                        },
                                        children: [
                                            ForInClause(
                                                ForInClause {
                                                    left: PatternList(
                                                        PatternList {
                                                            children: [
                                                                Identifier(
                                                                    Identifier {
                                                                        [RANGE]
                                                                    },
                                                                ),
                                                                Identifier(
                                                                    Identifier {
                                                                        [RANGE]
                                                                    },
                                                                ),
                                                            ],
                                                            [RANGE]
                                                        },
                                                    ),
                                                    right: [
                                                        Expression(
                                                            PrimaryExpression(
                                                                Identifier(
                                                                    Identifier {
                                                                        [RANGE]
                                                                    },
                                                                ),
                                                            ),
                                                        ),
                                                    ],
                                                    [RANGE]
                                                },
                                            ),
                                        ],
                                        [RANGE]
                                    },
                                ),
                            ),
                        ),
                    ],
                    [RANGE]
                },
            ),
        ),
    ],
    [RANGE]
}
