---
source: src/tests/corpus/expressions.rs
expression: module
---
Module {
    children: [
        SimpleStatement(
            ExpressionStatement(
                ExpressionStatement {
                    children: [
                        Expression(
                            PrimaryExpression(
                                Call(
                                    Call {
                                        function: Identifier(
                                            Identifier {
                                                [RANGE]
                                            },
                                        ),
                                        arguments: ArgumentList(
                                            ArgumentList {
                                                children: [
                                                    ListSplat(
                                                        ListSplat {
                                                            children: Identifier(
                                                                Identifier {
                                                                    [RANGE]
                                                                },
                                                            ),
                                                            [RANGE]
                                                        },
                                                    ),
                                                ],
                                                [RANGE]
                                            },
                                        ),
                                        [RANGE]
                                    },
                                ),
                            ),
                        ),
                    ],
                    [RANGE]
                },
            ),
        ),
    ],
    [RANGE]
}
