---
source: src/tests/corpus/statements.rs
expression: module
---
Module {
    children: [
        CompoundStatement(
            ForStatement(
                ForStatement {
                    alternative: Some(
                        ElseClause {
                            body: Block {
                                alternative: [],
                                children: [
                                    SimpleStatement(
                                        PrintStatement(
                                            PrintStatement {
                                                argument: [
                                                    PrimaryExpression(
                                                        Identifier(
                                                            Identifier {
                                                                [RANGE]
                                                            },
                                                        ),
                                                    ),
                                                ],
                                                children: None,
                                                [RANGE]
                                            },
                                        ),
                                    ),
                                ],
                                [RANGE]
                            },
                            [RANGE]
                        },
                    ),
                    right: Expression(
                        PrimaryExpression(
                            Identifier(
                                Identifier {
                                    [RANGE]
                                },
                            ),
                        ),
                    ),
                    left: PatternList(
                        PatternList {
                            children: [
                                Identifier(
                                    Identifier {
                                        [RANGE]
                                    },
                                ),
                                Identifier(
                                    Identifier {
                                        [RANGE]
                                    },
                                ),
                            ],
                            [RANGE]
                        },
                    ),
                    body: Block {
                        alternative: [],
                        children: [
                            SimpleStatement(
                                PrintStatement(
                                    PrintStatement {
                                        argument: [
                                            PrimaryExpression(
                                                Identifier(
                                                    Identifier {
                                                        [RANGE]
                                                    },
                                                ),
                                            ),
                                        ],
                                        children: None,
                                        [RANGE]
                                    },
                                ),
                            ),
                            CompoundStatement(
                                ForStatement(
                                    ForStatement {
                                        alternative: None,
                                        right: Expression(
                                            PrimaryExpression(
                                                Identifier(
                                                    Identifier {
                                                        [RANGE]
                                                    },
                                                ),
                                            ),
                                        ),
                                        left: PatternList(
                                            PatternList {
                                                children: [
                                                    Identifier(
                                                        Identifier {
                                                            [RANGE]
                                                        },
                                                    ),
                                                    Identifier(
                                                        Identifier {
                                                            [RANGE]
                                                        },
                                                    ),
                                                ],
                                                [RANGE]
                                            },
                                        ),
                                        body: Block {
                                            alternative: [],
                                            children: [
                                                SimpleStatement(
                                                    PrintStatement(
                                                        PrintStatement {
                                                            argument: [
                                                                PrimaryExpression(
                                                                    Identifier(
                                                                        Identifier {
                                                                            [RANGE]
                                                                        },
                                                                    ),
                                                                ),
                                                            ],
                                                            children: None,
                                                            [RANGE]
                                                        },
                                                    ),
                                                ),
                                            ],
                                            [RANGE]
                                        },
                                        [RANGE]
                                    },
                                ),
                            ),
                        ],
                        [RANGE]
                    },
                    [RANGE]
                },
            ),
        ),
    ],
    [RANGE]
}
