---
source: src/tests/corpus/literals.rs
expression: module
---
Module {
    children: [
        SimpleStatement(
            ExpressionStatement(
                ExpressionStatement {
                    children: [
                        Expression(
                            PrimaryExpression(
                                Float(
                                    Float {
                                        [RANGE]
                                    },
                                ),
                            ),
                        ),
                    ],
                    [RANGE]
                },
            ),
        ),
    ],
    [RANGE]
}
