---
source: src/tests/corpus/expressions.rs
expression: module
---
Module {
    children: [
        SimpleStatement(
            ExpressionStatement(
                ExpressionStatement {
                    children: [
                        Expression(
                            PrimaryExpression(
                                BinaryOperator(
                                    BinaryOperator {
                                        right: Integer(
                                            Integer {
                                                [RANGE]
                                            },
                                        ),
                                        left: Float(
                                            Float {
                                                [RANGE]
                                            },
                                        ),
                                        operator: Token_Plus(
                                            Token_Plus {
                                                [RANGE]
                                            },
                                        ),
                                        [RANGE]
                                    },
                                ),
                            ),
                        ),
                    ],
                    [RANGE]
                },
            ),
        ),
    ],
    [RANGE]
}
