---
source: src/tests/corpus/literals.rs
expression: module
---
Module {
    children: [
        SimpleStatement(
            ExpressionStatement(
                ExpressionStatement {
                    children: [
                        Expression(
                            PrimaryExpression(
                                UnaryOperator(
                                    UnaryOperator {
                                        argument: Float(
                                            Float {
                                                [RANGE]
                                            },
                                        ),
                                        operator: Token_Minus(
                                            Token_Minus {
                                                [RANGE]
                                            },
                                        ),
                                        [RANGE]
                                    },
                                ),
                            ),
                        ),
                    ],
                    [RANGE]
                },
            ),
        ),
    ],
    [RANGE]
}
