---
source: src/tests/corpus/statements.rs
expression: module
---
Module {
    children: [
        SimpleStatement(
            FutureImportStatement(
                FutureImportStatement {
                    name: [
                        DottedName(
                            DottedName {
                                children: [
                                    Identifier {
                                        [RANGE]
                                    },
                                ],
                                [RANGE]
                            },
                        ),
                    ],
                    [RANGE]
                },
            ),
        ),
    ],
    [RANGE]
}
