---
source: src/tests/corpus/literals.rs
expression: module
---
Module {
    children: [
        SimpleStatement(
            ExpressionStatement(
                ExpressionStatement {
                    children: [
                        Expression(
                            PrimaryExpression(
                                Set(
                                    Set {
                                        children: [
                                            Expression(
                                                PrimaryExpression(
                                                    Identifier(
                                                        Identifier {
                                                            [RANGE]
                                                        },
                                                    ),
                                                ),
                                            ),
                                            Expression(
                                                PrimaryExpression(
                                                    Identifier(
                                                        Identifier {
                                                            [RANGE]
                                                        },
                                                    ),
                                                ),
                                            ),
                                            Expression(
                                                PrimaryExpression(
                                                    Identifier(
                                                        Identifier {
                                                            [RANGE]
                                                        },
                                                    ),
                                                ),
                                            ),
                                        ],
                                        [RANGE]
                                    },
                                ),
                            ),
                        ),
                    ],
                    [RANGE]
                },
            ),
        ),
        SimpleStatement(
            ExpressionStatement(
                ExpressionStatement {
                    children: [
                        Expression(
                            PrimaryExpression(
                                Set(
                                    Set {
                                        children: [
                                            ListSplat(
                                                ListSplat {
                                                    children: Expression(
                                                        PrimaryExpression(
                                                            Dictionary(
                                                                Dictionary {
                                                                    children: [],
                                                                    [RANGE]
                                                                },
                                                            ),
                                                        ),
                                                    ),
                                                    [RANGE]
                                                },
                                            ),
                                        ],
                                        [RANGE]
                                    },
                                ),
                            ),
                        ),
                    ],
                    [RANGE]
                },
            ),
        ),
    ],
    [RANGE]
}
