---
source: src/tests/corpus/statements.rs
expression: module
---
Module {
    children: [
        CompoundStatement(
            WithStatement(
                WithStatement {
                    body: Block {
                        alternative: [],
                        children: [
                            SimpleStatement(
                                ExpressionStatement(
                                    ExpressionStatement {
                                        children: [
                                            Expression(
                                                PrimaryExpression(
                                                    Identifier(
                                                        Identifier {
                                                            [RANGE]
                                                        },
                                                    ),
                                                ),
                                            ),
                                        ],
                                        [RANGE]
                                    },
                                ),
                            ),
                        ],
                        [RANGE]
                    },
                    children: WithClause {
                        children: [
                            WithItem {
                                value: AsPattern(
                                    AsPattern {
                                        alias: Some(
                                            AsPatternTarget {
                                                [RANGE]
                                            },
                                        ),
                                        children: [
                                            Expression(
                                                PrimaryExpression(
                                                    Call(
                                                        Call {
                                                            function: Identifier(
                                                                Identifier {
                                                                    [RANGE]
                                                                },
                                                            ),
                                                            arguments: ArgumentList(
                                                                ArgumentList {
                                                                    children: [
                                                                        Expression(
                                                                            PrimaryExpression(
                                                                                String(
                                                                                    String {
                                                                                        children: [
                                                                                            StringStart(
                                                                                                StringStart {
                                                                                                    [RANGE]
                                                                                                },
                                                                                            ),
                                                                                            StringContent(
                                                                                                StringContent {
                                                                                                    children: [],
                                                                                                    [RANGE]
                                                                                                },
                                                                                            ),
                                                                                            StringEnd(
                                                                                                StringEnd {
                                                                                                    [RANGE]
                                                                                                },
                                                                                            ),
                                                                                        ],
                                                                                        [RANGE]
                                                                                    },
                                                                                ),
                                                                            ),
                                                                        ),
                                                                    ],
                                                                    [RANGE]
                                                                },
                                                            ),
                                                            [RANGE]
                                                        },
                                                    ),
                                                ),
                                            ),
                                        ],
                                        [RANGE]
                                    },
                                ),
                                [RANGE]
                            },
                            WithItem {
                                value: AsPattern(
                                    AsPattern {
                                        alias: Some(
                                            AsPatternTarget {
                                                [RANGE]
                                            },
                                        ),
                                        children: [
                                            Expression(
                                                PrimaryExpression(
                                                    Call(
                                                        Call {
                                                            function: Identifier(
                                                                Identifier {
                                                                    [RANGE]
                                                                },
                                                            ),
                                                            arguments: ArgumentList(
                                                                ArgumentList {
                                                                    children: [
                                                                        Expression(
                                                                            PrimaryExpression(
                                                                                String(
                                                                                    String {
                                                                                        children: [
                                                                                            StringStart(
                                                                                                StringStart {
                                                                                                    [RANGE]
                                                                                                },
                                                                                            ),
                                                                                            StringContent(
                                                                                                StringContent {
                                                                                                    children: [],
                                                                                                    [RANGE]
                                                                                                },
                                                                                            ),
                                                                                            StringEnd(
                                                                                                StringEnd {
                                                                                                    [RANGE]
                                                                                                },
                                                                                            ),
                                                                                        ],
                                                                                        [RANGE]
                                                                                    },
                                                                                ),
                                                                            ),
                                                                        ),
                                                                    ],
                                                                    [RANGE]
                                                                },
                                                            ),
                                                            [RANGE]
                                                        },
                                                    ),
                                                ),
                                            ),
                                        ],
                                        [RANGE]
                                    },
                                ),
                                [RANGE]
                            },
                        ],
                        [RANGE]
                    },
                    [RANGE]
                },
            ),
        ),
    ],
    [RANGE]
}
